[2024-11-19T19:44:39.708+0000] {local_task_job_runner.py:123} INFO - ::group::Pre task execution logs
[2024-11-19T19:44:39.798+0000] {taskinstance.py:2612} INFO - Dependencies all met for dep_context=non-requeueable deps ti=<TaskInstance: capstone.load_to_database manual__2024-11-19T19:26:50.048854+00:00 [queued]>
[2024-11-19T19:44:39.839+0000] {taskinstance.py:2612} INFO - Dependencies all met for dep_context=requeueable deps ti=<TaskInstance: capstone.load_to_database manual__2024-11-19T19:26:50.048854+00:00 [queued]>
[2024-11-19T19:44:39.847+0000] {taskinstance.py:2865} INFO - Starting attempt 2 of 4
[2024-11-19T19:44:39.905+0000] {taskinstance.py:2888} INFO - Executing <Task(PythonOperator): load_to_database> on 2024-11-19 19:26:50.048854+00:00
[2024-11-19T19:44:39.922+0000] {warnings.py:112} WARNING - /home/***/.local/lib/python3.12/site-packages/***/task/task_runner/standard_task_runner.py:70: DeprecationWarning: This process (pid=2366) is multi-threaded, use of fork() may lead to deadlocks in the child.
  pid = os.fork()

[2024-11-19T19:44:39.935+0000] {standard_task_runner.py:104} INFO - Running: ['***', 'tasks', 'run', 'capstone', 'load_to_database', 'manual__2024-11-19T19:26:50.048854+00:00', '--job-id', '70', '--raw', '--subdir', 'DAGS_FOLDER/capstone_***/country.py', '--cfg-path', '/tmp/tmp59zmcfnl']
[2024-11-19T19:44:39.960+0000] {standard_task_runner.py:72} INFO - Started process 2368 to run task
[2024-11-19T19:44:39.973+0000] {standard_task_runner.py:105} INFO - Job 70: Subtask load_to_database
[2024-11-19T19:44:40.057+0000] {task_command.py:467} INFO - Running <TaskInstance: capstone.load_to_database manual__2024-11-19T19:26:50.048854+00:00 [running]> on host ea8ac57aed30
[2024-11-19T19:44:40.245+0000] {taskinstance.py:3131} INFO - Exporting env vars: AIRFLOW_CTX_DAG_OWNER='adewunmi' AIRFLOW_CTX_DAG_ID='capstone' AIRFLOW_CTX_TASK_ID='load_to_database' AIRFLOW_CTX_EXECUTION_DATE='2024-11-19T19:26:50.048854+00:00' AIRFLOW_CTX_TRY_NUMBER='2' AIRFLOW_CTX_DAG_RUN_ID='manual__2024-11-19T19:26:50.048854+00:00'
[2024-11-19T19:44:40.249+0000] {taskinstance.py:731} INFO - ::endgroup::
[2024-11-19T19:44:40.267+0000] {cap.py:466} INFO - Starting the database load process.
[2024-11-19T19:44:40.269+0000] {cap.py:431} INFO - Starting the column renaming process.
[2024-11-19T19:44:40.269+0000] {cap.py:383} INFO - Starting table transformation process.
[2024-11-19T19:44:40.270+0000] {cap.py:328} INFO - Starting the table joining process.
[2024-11-19T19:44:40.270+0000] {cap.py:137} INFO - Starting column selection process.
[2024-11-19T19:46:21.499+0000] {cap.py:118} INFO - Successfully read Parquet file from S3.
[2024-11-19T19:46:21.502+0000] {cap.py:147} INFO - Data loaded successfully from S3.
[2024-11-19T19:46:21.509+0000] {cap.py:159} INFO - Column selection completed successfully.
[2024-11-19T19:46:21.514+0000] {cap.py:176} INFO - Starting currency extraction process.
[2024-11-19T19:46:30.866+0000] {cap.py:118} INFO - Successfully read Parquet file from S3.
[2024-11-19T19:46:30.867+0000] {cap.py:186} INFO - Data loaded successfully from S3.
[2024-11-19T19:46:30.868+0000] {cap.py:194} INFO - Filtering currency symbol columns and joining with country names.
[2024-11-19T19:46:30.910+0000] {cap.py:198} INFO - Melting the data to extract currency codes and symbols.
[2024-11-19T19:46:30.943+0000] {cap.py:202} INFO - Removing rows with null currency symbols.
[2024-11-19T19:46:30.983+0000] {cap.py:206} INFO - Cleaning up currency codes.
[2024-11-19T19:46:30.985+0000] {cap.py:210} INFO - Grouping by country and aggregating currency symbols and codes.
[2024-11-19T19:46:31.047+0000] {cap.py:216} INFO - Currency extraction completed successfully.
[2024-11-19T19:46:31.054+0000] {cap.py:343} INFO - Currency code and symbol extracted successfully.
[2024-11-19T19:46:31.055+0000] {cap.py:232} INFO - Starting currency name extraction process.
[2024-11-19T19:46:42.468+0000] {cap.py:118} INFO - Successfully read Parquet file from S3.
[2024-11-19T19:46:42.471+0000] {cap.py:242} INFO - Data loaded successfully from S3.
[2024-11-19T19:46:42.473+0000] {cap.py:245} INFO - Filtering country names and currency name columns.
[2024-11-19T19:46:42.565+0000] {cap.py:249} INFO - Melting data to extract currency names.
[2024-11-19T19:46:42.631+0000] {cap.py:253} INFO - Removing rows with null currency names.
[2024-11-19T19:46:42.705+0000] {cap.py:260} INFO - Grouping by country and aggregating currency names.
[2024-11-19T19:46:42.833+0000] {cap.py:263} INFO - Currency name extraction completed successfully.
[2024-11-19T19:46:42.842+0000] {cap.py:350} INFO - Currency name extracted successfully.
[2024-11-19T19:46:42.844+0000] {cap.py:281} INFO - Starting language extraction process.
[2024-11-19T19:47:42.861+0000] {cap.py:118} INFO - Successfully read Parquet file from S3.
[2024-11-19T19:47:42.863+0000] {cap.py:291} INFO - Data loaded successfully from S3.
[2024-11-19T19:47:42.864+0000] {cap.py:294} INFO - Filtering country names and language columns.
[2024-11-19T19:47:42.915+0000] {cap.py:298} INFO - Melting data to extract languages.
[2024-11-19T19:47:42.966+0000] {cap.py:302} INFO - Removing rows with null language values.
[2024-11-19T19:47:43.031+0000] {cap.py:309} INFO - Grouping by country and aggregating languages.
[2024-11-19T19:47:43.116+0000] {cap.py:312} INFO - Language extraction completed successfully.
[2024-11-19T19:47:43.123+0000] {cap.py:357} INFO - Languages extracted successfully.
[2024-11-19T19:47:43.126+0000] {cap.py:360} INFO - Joining tables.
[2024-11-19T19:47:43.162+0000] {cap.py:365} INFO - Tables joined successfully.
[2024-11-19T19:47:43.163+0000] {cap.py:392} INFO - Data joined successfully for transformation.
[2024-11-19T19:47:43.193+0000] {cap.py:403} INFO - Column continents transformed successfully.
[2024-11-19T19:47:43.217+0000] {cap.py:403} INFO - Column idd.suffixes transformed successfully.
[2024-11-19T19:47:43.242+0000] {cap.py:403} INFO - Column capital transformed successfully.
[2024-11-19T19:47:43.245+0000] {cap.py:410} INFO - 'country_code' column created successfully.
[2024-11-19T19:47:43.249+0000] {cap.py:416} INFO - Unnecessary columns dropped successfully.
[2024-11-19T19:47:43.251+0000] {cap.py:444} INFO - Column renaming completed successfully.
[2024-11-19T19:47:43.252+0000] {cap.py:473} INFO - DataFrame validation successful. Proceeding to database connection.
[2024-11-19T19:47:43.253+0000] {taskinstance.py:3310} ERROR - Task failed with exception
Traceback (most recent call last):
  File "/opt/airflow/dags/capstone_airflow/function/cap.py", line 476, in load_to_database
    postgres_hook = PostgresHook(postgres_conn_id='rds_postgres')
                    ^^^^^^^^^^^^
NameError: name 'PostgresHook' is not defined

During handling of the above exception, another exception occurred:

Traceback (most recent call last):
  File "/home/airflow/.local/lib/python3.12/site-packages/airflow/models/taskinstance.py", line 767, in _execute_task
    result = _execute_callable(context=context, **execute_callable_kwargs)
             ^^^^^^^^^^^^^^^^^^^^^^^^^^^^^^^^^^^^^^^^^^^^^^^^^^^^^^^^^^^^^
  File "/home/airflow/.local/lib/python3.12/site-packages/airflow/models/taskinstance.py", line 733, in _execute_callable
    return ExecutionCallableRunner(
           ^^^^^^^^^^^^^^^^^^^^^^^^
  File "/home/airflow/.local/lib/python3.12/site-packages/airflow/utils/operator_helpers.py", line 252, in run
    return self.func(*args, **kwargs)
           ^^^^^^^^^^^^^^^^^^^^^^^^^^
  File "/home/airflow/.local/lib/python3.12/site-packages/airflow/models/baseoperator.py", line 406, in wrapper
    return func(self, *args, **kwargs)
           ^^^^^^^^^^^^^^^^^^^^^^^^^^^
  File "/home/airflow/.local/lib/python3.12/site-packages/airflow/operators/python.py", line 238, in execute
    return_value = self.execute_callable()
                   ^^^^^^^^^^^^^^^^^^^^^^^
  File "/home/airflow/.local/lib/python3.12/site-packages/airflow/operators/python.py", line 256, in execute_callable
    return runner.run(*self.op_args, **self.op_kwargs)
           ^^^^^^^^^^^^^^^^^^^^^^^^^^^^^^^^^^^^^^^^^^^
  File "/home/airflow/.local/lib/python3.12/site-packages/airflow/utils/operator_helpers.py", line 252, in run
    return self.func(*args, **kwargs)
           ^^^^^^^^^^^^^^^^^^^^^^^^^^
  File "/opt/airflow/dags/capstone_airflow/function/cap.py", line 496, in load_to_database
    raise Exception(f"Error during database load process: {str(e)}")
Exception: Error during database load process: name 'PostgresHook' is not defined
[2024-11-19T19:47:43.304+0000] {taskinstance.py:1225} INFO - Marking task as UP_FOR_RETRY. dag_id=capstone, task_id=load_to_database, run_id=manual__2024-11-19T19:26:50.048854+00:00, execution_date=20241119T192650, start_date=20241119T194439, end_date=20241119T194743
[2024-11-19T19:47:43.350+0000] {taskinstance.py:340} INFO - ::group::Post task execution logs
[2024-11-19T19:47:43.351+0000] {standard_task_runner.py:124} ERROR - Failed to execute job 70 for task load_to_database (Error during database load process: name 'PostgresHook' is not defined; 2368)
Traceback (most recent call last):
  File "/opt/airflow/dags/capstone_airflow/function/cap.py", line 476, in load_to_database
    postgres_hook = PostgresHook(postgres_conn_id='rds_postgres')
                    ^^^^^^^^^^^^
NameError: name 'PostgresHook' is not defined

During handling of the above exception, another exception occurred:

Traceback (most recent call last):
  File "/home/airflow/.local/lib/python3.12/site-packages/airflow/task/task_runner/standard_task_runner.py", line 117, in _start_by_fork
    ret = args.func(args, dag=self.dag)
          ^^^^^^^^^^^^^^^^^^^^^^^^^^^^^
  File "/home/airflow/.local/lib/python3.12/site-packages/airflow/cli/cli_config.py", line 49, in command
    return func(*args, **kwargs)
           ^^^^^^^^^^^^^^^^^^^^^
  File "/home/airflow/.local/lib/python3.12/site-packages/airflow/utils/cli.py", line 115, in wrapper
    return f(*args, **kwargs)
           ^^^^^^^^^^^^^^^^^^
  File "/home/airflow/.local/lib/python3.12/site-packages/airflow/cli/commands/task_command.py", line 483, in task_run
    task_return_code = _run_task_by_selected_method(args, _dag, ti)
                       ^^^^^^^^^^^^^^^^^^^^^^^^^^^^^^^^^^^^^^^^^^^^
  File "/home/airflow/.local/lib/python3.12/site-packages/airflow/cli/commands/task_command.py", line 256, in _run_task_by_selected_method
    return _run_raw_task(args, ti)
           ^^^^^^^^^^^^^^^^^^^^^^^
  File "/home/airflow/.local/lib/python3.12/site-packages/airflow/cli/commands/task_command.py", line 341, in _run_raw_task
    return ti._run_raw_task(
           ^^^^^^^^^^^^^^^^^
  File "/home/airflow/.local/lib/python3.12/site-packages/airflow/utils/session.py", line 97, in wrapper
    return func(*args, session=session, **kwargs)
           ^^^^^^^^^^^^^^^^^^^^^^^^^^^^^^^^^^^^^^
  File "/home/airflow/.local/lib/python3.12/site-packages/airflow/models/taskinstance.py", line 3004, in _run_raw_task
    return _run_raw_task(
           ^^^^^^^^^^^^^^
  File "/home/airflow/.local/lib/python3.12/site-packages/airflow/models/taskinstance.py", line 273, in _run_raw_task
    TaskInstance._execute_task_with_callbacks(
  File "/home/airflow/.local/lib/python3.12/site-packages/airflow/models/taskinstance.py", line 3158, in _execute_task_with_callbacks
    result = self._execute_task(context, task_orig)
             ^^^^^^^^^^^^^^^^^^^^^^^^^^^^^^^^^^^^^^
  File "/home/airflow/.local/lib/python3.12/site-packages/airflow/models/taskinstance.py", line 3182, in _execute_task
    return _execute_task(self, context, task_orig)
           ^^^^^^^^^^^^^^^^^^^^^^^^^^^^^^^^^^^^^^^
  File "/home/airflow/.local/lib/python3.12/site-packages/airflow/models/taskinstance.py", line 767, in _execute_task
    result = _execute_callable(context=context, **execute_callable_kwargs)
             ^^^^^^^^^^^^^^^^^^^^^^^^^^^^^^^^^^^^^^^^^^^^^^^^^^^^^^^^^^^^^
  File "/home/airflow/.local/lib/python3.12/site-packages/airflow/models/taskinstance.py", line 733, in _execute_callable
    return ExecutionCallableRunner(
           ^^^^^^^^^^^^^^^^^^^^^^^^
  File "/home/airflow/.local/lib/python3.12/site-packages/airflow/utils/operator_helpers.py", line 252, in run
    return self.func(*args, **kwargs)
           ^^^^^^^^^^^^^^^^^^^^^^^^^^
  File "/home/airflow/.local/lib/python3.12/site-packages/airflow/models/baseoperator.py", line 406, in wrapper
    return func(self, *args, **kwargs)
           ^^^^^^^^^^^^^^^^^^^^^^^^^^^
  File "/home/airflow/.local/lib/python3.12/site-packages/airflow/operators/python.py", line 238, in execute
    return_value = self.execute_callable()
                   ^^^^^^^^^^^^^^^^^^^^^^^
  File "/home/airflow/.local/lib/python3.12/site-packages/airflow/operators/python.py", line 256, in execute_callable
    return runner.run(*self.op_args, **self.op_kwargs)
           ^^^^^^^^^^^^^^^^^^^^^^^^^^^^^^^^^^^^^^^^^^^
  File "/home/airflow/.local/lib/python3.12/site-packages/airflow/utils/operator_helpers.py", line 252, in run
    return self.func(*args, **kwargs)
           ^^^^^^^^^^^^^^^^^^^^^^^^^^
  File "/opt/airflow/dags/capstone_airflow/function/cap.py", line 496, in load_to_database
    raise Exception(f"Error during database load process: {str(e)}")
Exception: Error during database load process: name 'PostgresHook' is not defined
[2024-11-19T19:47:43.421+0000] {local_task_job_runner.py:266} INFO - Task exited with return code 1
[2024-11-19T19:47:43.444+0000] {taskinstance.py:3900} INFO - 0 downstream tasks scheduled from follow-on schedule check
[2024-11-19T19:47:43.450+0000] {local_task_job_runner.py:245} INFO - ::endgroup::
